  Determining projects to restore...
D:\2026_SPR\EXE\linkie-be\Application\Application.csproj : warning NU1903: Package 'AutoMapper' 14.0.0 has a known high severity vulnerability, https://github.com/advisories/GHSA-rvv3-g6hj-g44x [D:\2026_SPR\EXE\linkie-be\Presentation\Presentation.csproj]
  All projects are up-to-date for restore.
D:\2026_SPR\EXE\linkie-be\Application\Application.csproj : warning NU1903: Package 'AutoMapper' 14.0.0 has a known high severity vulnerability, https://github.com/advisories/GHSA-rvv3-g6hj-g44x
  Domain -> D:\2026_SPR\EXE\linkie-be\Domain\bin\Debug\net8.0\Domain.dll
D:\2026_SPR\EXE\linkie-be\Application\Usecase\Admin\Dashboard\ClearLedMessagesCommand.cs(10,26): error CS0246: The type or namespace name 'IAdminRepository' could not be found (are you missing a using directive or an assembly reference?) [D:\2026_SPR\EXE\linkie-be\Application\Application.csproj]
D:\2026_SPR\EXE\linkie-be\Application\Usecase\Admin\Dashboard\ClearLedMessagesCommand.cs(12,40): error CS0246: The type or namespace name 'IAdminRepository' could not be found (are you missing a using directive or an assembly reference?) [D:\2026_SPR\EXE\linkie-be\Application\Application.csproj]
D:\2026_SPR\EXE\linkie-be\Application\Usecase\Admin\FanInsights\GetFanProfileQuery.cs(6,76): error CS0246: The type or namespace name 'FanProfileDto' could not be found (are you missing a using directive or an assembly reference?) [D:\2026_SPR\EXE\linkie-be\Application\Application.csproj]
D:\2026_SPR\EXE\linkie-be\Application\Usecase\Admin\FanInsights\GetFanProfileQuery.cs(8,77): error CS0246: The type or namespace name 'FanProfileDto' could not be found (are you missing a using directive or an assembly reference?) [D:\2026_SPR\EXE\linkie-be\Application\Application.csproj]
D:\2026_SPR\EXE\linkie-be\Application\Usecase\Admin\Dashboard\GetEventDashboardHandler.cs(9,26): error CS0246: The type or namespace name 'IAdminRepository' could not be found (are you missing a using directive or an assembly reference?) [D:\2026_SPR\EXE\linkie-be\Application\Application.csproj]
D:\2026_SPR\EXE\linkie-be\Application\Usecase\Admin\Dashboard\GetEventDashboardHandler.cs(11,41): error CS0246: The type or namespace name 'IAdminRepository' could not be found (are you missing a using directive or an assembly reference?) [D:\2026_SPR\EXE\linkie-be\Application\Application.csproj]
D:\2026_SPR\EXE\linkie-be\Application\Usecase\Admin\FanInsights\GetFanProfileQuery.cs(17,21): error CS0246: The type or namespace name 'FanProfileDto' could not be found (are you missing a using directive or an assembly reference?) [D:\2026_SPR\EXE\linkie-be\Application\Application.csproj]
D:\2026_SPR\EXE\linkie-be\Application\Usecase\Admin\FanInsights\GetFanProfileQuery.cs(10,26): error CS0246: The type or namespace name 'IAdminRepository' could not be found (are you missing a using directive or an assembly reference?) [D:\2026_SPR\EXE\linkie-be\Application\Application.csproj]
D:\2026_SPR\EXE\linkie-be\Application\Usecase\Admin\FanInsights\GetFanProfileQuery.cs(12,37): error CS0246: The type or namespace name 'IAdminRepository' could not be found (are you missing a using directive or an assembly reference?) [D:\2026_SPR\EXE\linkie-be\Application\Application.csproj]
D:\2026_SPR\EXE\linkie-be\Application\Usecase\Admin\FrameAnalytics\FrameUsageAnalytics.cs(25,26): error CS0246: The type or namespace name 'IAdminRepository' could not be found (are you missing a using directive or an assembly reference?) [D:\2026_SPR\EXE\linkie-be\Application\Application.csproj]
D:\2026_SPR\EXE\linkie-be\Application\Usecase\Admin\FrameAnalytics\FrameUsageAnalytics.cs(27,46): error CS0246: The type or namespace name 'IAdminRepository' could not be found (are you missing a using directive or an assembly reference?) [D:\2026_SPR\EXE\linkie-be\Application\Application.csproj]
D:\2026_SPR\EXE\linkie-be\Application\Usecase\Admin\Sentiment\SentimentAnalytics.cs(19,26): error CS0246: The type or namespace name 'IAdminRepository' could not be found (are you missing a using directive or an assembly reference?) [D:\2026_SPR\EXE\linkie-be\Application\Application.csproj]
D:\2026_SPR\EXE\linkie-be\Application\Usecase\Admin\SystemHealth\SystemHealth.cs(18,26): error CS0246: The type or namespace name 'IAdminRepository' could not be found (are you missing a using directive or an assembly reference?) [D:\2026_SPR\EXE\linkie-be\Application\Application.csproj]
D:\2026_SPR\EXE\linkie-be\Application\Usecase\Admin\Sentiment\SentimentAnalytics.cs(21,45): error CS0246: The type or namespace name 'IAdminRepository' could not be found (are you missing a using directive or an assembly reference?) [D:\2026_SPR\EXE\linkie-be\Application\Application.csproj]
D:\2026_SPR\EXE\linkie-be\Application\Usecase\Admin\SystemHealth\SystemHealth.cs(20,39): error CS0246: The type or namespace name 'IAdminRepository' could not be found (are you missing a using directive or an assembly reference?) [D:\2026_SPR\EXE\linkie-be\Application\Application.csproj]
D:\2026_SPR\EXE\linkie-be\Application\Usecase\Admin\Report\EventReport.cs(71,26): error CS0246: The type or namespace name 'IAdminRepository' could not be found (are you missing a using directive or an assembly reference?) [D:\2026_SPR\EXE\linkie-be\Application\Application.csproj]
D:\2026_SPR\EXE\linkie-be\Application\Usecase\Admin\Report\EventReport.cs(74,38): error CS0246: The type or namespace name 'IAdminRepository' could not be found (are you missing a using directive or an assembly reference?) [D:\2026_SPR\EXE\linkie-be\Application\Application.csproj]

Build FAILED.

D:\2026_SPR\EXE\linkie-be\Application\Application.csproj : warning NU1903: Package 'AutoMapper' 14.0.0 has a known high severity vulnerability, https://github.com/advisories/GHSA-rvv3-g6hj-g44x [D:\2026_SPR\EXE\linkie-be\Presentation\Presentation.csproj]
D:\2026_SPR\EXE\linkie-be\Application\Application.csproj : warning NU1903: Package 'AutoMapper' 14.0.0 has a known high severity vulnerability, https://github.com/advisories/GHSA-rvv3-g6hj-g44x
D:\2026_SPR\EXE\linkie-be\Application\Usecase\Admin\Dashboard\ClearLedMessagesCommand.cs(10,26): error CS0246: The type or namespace name 'IAdminRepository' could not be found (are you missing a using directive or an assembly reference?) [D:\2026_SPR\EXE\linkie-be\Application\Application.csproj]
D:\2026_SPR\EXE\linkie-be\Application\Usecase\Admin\Dashboard\ClearLedMessagesCommand.cs(12,40): error CS0246: The type or namespace name 'IAdminRepository' could not be found (are you missing a using directive or an assembly reference?) [D:\2026_SPR\EXE\linkie-be\Application\Application.csproj]
D:\2026_SPR\EXE\linkie-be\Application\Usecase\Admin\FanInsights\GetFanProfileQuery.cs(6,76): error CS0246: The type or namespace name 'FanProfileDto' could not be found (are you missing a using directive or an assembly reference?) [D:\2026_SPR\EXE\linkie-be\Application\Application.csproj]
D:\2026_SPR\EXE\linkie-be\Application\Usecase\Admin\FanInsights\GetFanProfileQuery.cs(8,77): error CS0246: The type or namespace name 'FanProfileDto' could not be found (are you missing a using directive or an assembly reference?) [D:\2026_SPR\EXE\linkie-be\Application\Application.csproj]
D:\2026_SPR\EXE\linkie-be\Application\Usecase\Admin\Dashboard\GetEventDashboardHandler.cs(9,26): error CS0246: The type or namespace name 'IAdminRepository' could not be found (are you missing a using directive or an assembly reference?) [D:\2026_SPR\EXE\linkie-be\Application\Application.csproj]
D:\2026_SPR\EXE\linkie-be\Application\Usecase\Admin\Dashboard\GetEventDashboardHandler.cs(11,41): error CS0246: The type or namespace name 'IAdminRepository' could not be found (are you missing a using directive or an assembly reference?) [D:\2026_SPR\EXE\linkie-be\Application\Application.csproj]
D:\2026_SPR\EXE\linkie-be\Application\Usecase\Admin\FanInsights\GetFanProfileQuery.cs(17,21): error CS0246: The type or namespace name 'FanProfileDto' could not be found (are you missing a using directive or an assembly reference?) [D:\2026_SPR\EXE\linkie-be\Application\Application.csproj]
D:\2026_SPR\EXE\linkie-be\Application\Usecase\Admin\FanInsights\GetFanProfileQuery.cs(10,26): error CS0246: The type or namespace name 'IAdminRepository' could not be found (are you missing a using directive or an assembly reference?) [D:\2026_SPR\EXE\linkie-be\Application\Application.csproj]
D:\2026_SPR\EXE\linkie-be\Application\Usecase\Admin\FanInsights\GetFanProfileQuery.cs(12,37): error CS0246: The type or namespace name 'IAdminRepository' could not be found (are you missing a using directive or an assembly reference?) [D:\2026_SPR\EXE\linkie-be\Application\Application.csproj]
D:\2026_SPR\EXE\linkie-be\Application\Usecase\Admin\FrameAnalytics\FrameUsageAnalytics.cs(25,26): error CS0246: The type or namespace name 'IAdminRepository' could not be found (are you missing a using directive or an assembly reference?) [D:\2026_SPR\EXE\linkie-be\Application\Application.csproj]
D:\2026_SPR\EXE\linkie-be\Application\Usecase\Admin\FrameAnalytics\FrameUsageAnalytics.cs(27,46): error CS0246: The type or namespace name 'IAdminRepository' could not be found (are you missing a using directive or an assembly reference?) [D:\2026_SPR\EXE\linkie-be\Application\Application.csproj]
D:\2026_SPR\EXE\linkie-be\Application\Usecase\Admin\Sentiment\SentimentAnalytics.cs(19,26): error CS0246: The type or namespace name 'IAdminRepository' could not be found (are you missing a using directive or an assembly reference?) [D:\2026_SPR\EXE\linkie-be\Application\Application.csproj]
D:\2026_SPR\EXE\linkie-be\Application\Usecase\Admin\SystemHealth\SystemHealth.cs(18,26): error CS0246: The type or namespace name 'IAdminRepository' could not be found (are you missing a using directive or an assembly reference?) [D:\2026_SPR\EXE\linkie-be\Application\Application.csproj]
D:\2026_SPR\EXE\linkie-be\Application\Usecase\Admin\Sentiment\SentimentAnalytics.cs(21,45): error CS0246: The type or namespace name 'IAdminRepository' could not be found (are you missing a using directive or an assembly reference?) [D:\2026_SPR\EXE\linkie-be\Application\Application.csproj]
D:\2026_SPR\EXE\linkie-be\Application\Usecase\Admin\SystemHealth\SystemHealth.cs(20,39): error CS0246: The type or namespace name 'IAdminRepository' could not be found (are you missing a using directive or an assembly reference?) [D:\2026_SPR\EXE\linkie-be\Application\Application.csproj]
D:\2026_SPR\EXE\linkie-be\Application\Usecase\Admin\Report\EventReport.cs(71,26): error CS0246: The type or namespace name 'IAdminRepository' could not be found (are you missing a using directive or an assembly reference?) [D:\2026_SPR\EXE\linkie-be\Application\Application.csproj]
D:\2026_SPR\EXE\linkie-be\Application\Usecase\Admin\Report\EventReport.cs(74,38): error CS0246: The type or namespace name 'IAdminRepository' could not be found (are you missing a using directive or an assembly reference?) [D:\2026_SPR\EXE\linkie-be\Application\Application.csproj]
    2 Warning(s)
    17 Error(s)

Time Elapsed 00:00:02.81
